// Jest Snapshot v1, https://goo.gl/fbAQLP

exports[`Home view renders correctly 1`] = `
<ScrollViewMock>
  <View
    style={
      Object {
        "alignItems": "center",
        "flex": 1,
        "marginTop": 20,
        "paddingLeft": 26,
        "paddingRight": 26,
      }
    }
  >
    <View
      style={
        Object {
          "position": "absolute",
          "right": 26,
        }
      }
    >
      <TouchableOpacity
        activeOpacity={0.2}
        onPress={[Function]}
      >
        <Themed.Icon
          name="settings"
          size={24}
          type="material"
        />
      </TouchableOpacity>
    </View>
    <View
      style={
        Object {
          "alignItems": "center",
          "alignSelf": "center",
          "marginBottom": 20,
        }
      }
      testID="welcomeHeader"
    >
      <UploadProfileImage
        image="https://res.cloudinary.com/hsmkon3br/image/upload/c_thumb,g_face,h_80,w_80/v1554188012/678099-profile-filled-256.png"
        style={
          Object {
            "borderRadius": 22,
            "height": 44,
            "marginBottom": 16,
            "width": 44,
          }
        }
        upload={[Function]}
      />
      <Text
        style={
          Object {
            "fontFamily": "Assistant-Light",
            "fontSize": 24,
          }
        }
      >
        צהריים טובים, student
      </Text>
    </View>
    <ShadowRect>
      <Text
        style={
          Object {
            "alignSelf": "flex-start",
            "color": "rgb(121, 121, 121)",
            "fontSize": 16,
            "fontWeight": "bold",
          }
        }
        testID="schedule"
      >
        שיעור הבא
      </Text>
      <StudentNextLessonView
        lesson={
          Object {
            "dropoff_place": "t",
            "meetup_place": "a",
            "student": Object {
              "name": "test",
            },
          }
        }
        lessonPress={[Function]}
        loading={false}
        testID="lessonRowTouchable"
      />
      <LessonPopup
        item={
          Object {
            "dropoff_place": "t",
            "meetup_place": "a",
            "student": Object {
              "name": "test",
            },
          }
        }
        navigation={
          Object {
            "addListener": [MockFunction] {
              "calls": Array [
                Array [
                  "willFocus",
                  [Function],
                ],
              ],
              "results": Array [
                Object {
                  "type": "return",
                  "value": undefined,
                },
              ],
            },
          }
        }
        onPress={[Function]}
        testID="lessonPopup"
        visible={false}
      />
    </ShadowRect>
    <TouchableOpacity
      activeOpacity={0.2}
      onPress={[Function]}
      style={
        Object {
          "alignItems": "center",
          "alignSelf": "center",
          "flex": 1,
          "flexDirection": "row",
          "height": 40,
          "justifyContent": "center",
          "marginBottom": 12,
        }
      }
    >
      <Text
        style={
          Object {
            "color": "rgb(12, 116, 244)",
            "fontWeight": "bold",
            "marginRight": 8,
            "marginTop": -4,
          }
        }
      >
        לו״ז מלא
      </Text>
      <Themed.Icon
        color="rgb(12, 116, 244)"
        name="ios-arrow-dropleft-circle"
        size={20}
        type="ionicon"
      />
    </TouchableOpacity>
    <ShadowRect>
      <TouchableOpacity
        activeOpacity={0.2}
        onPress={[Function]}
        style={
          Object {
            "flex": 1,
            "flexDirection": "row",
          }
        }
      >
        <Text
          style={
            Object {
              "alignSelf": "flex-start",
              "color": "rgb(121, 121, 121)",
              "fontSize": 16,
              "fontWeight": "bold",
            }
          }
          testID="monthlyAmount"
        >
          תשלומים
        </Text>
        <View
          style={
            Object {
              "alignItems": "flex-end",
              "flex": 1,
              "marginRight": "auto",
            }
          }
        >
          <Themed.Icon
            name="arrow-back"
            size={20}
            type="material"
          />
        </View>
      </TouchableOpacity>
      <StudentPayment
        dispatch={[MockFunction]}
        loading={false}
        payments={
          Array [
            Object {
              "amount": 100,
              "student": Object {
                "name": "test",
              },
            },
          ]
        }
        user={
          Object {
            "name": "student",
          }
        }
      />
    </ShadowRect>
  </View>
</ScrollViewMock>
`;
