// Jest Snapshot v1, https://goo.gl/fbAQLP

exports[`AuthLoading view renders correctly 1`] = `
<View
  style={
    Object {
      "flex": 1,
      "justifyContent": "center",
    }
  }
>
  <ActivityIndicator
    animating={true}
    color="#999999"
    hidesWhenStopped={true}
    size="small"
  />
  <StatusBar
    animated={false}
    barStyle="default"
    showHideTransition="fade"
  />
</View>
`;
