// Jest Snapshot v1, https://goo.gl/fbAQLP

exports[`SignIn view renders correctly 1`] = `
<View
  style={
    Object {
      "flex": 1,
    }
  }
>
  <View
    style={
      Object {
        "backgroundColor": "rgb(12,116,244)",
        "flex": 2,
        "justifyContent": "center",
        "maxHeight": 240,
      }
    }
  >
    <View
      style={
        Object {
          "alignItems": "center",
          "flexDirection": "column",
        }
      }
    >
      <Image
        source={
          Object {
            "testUri": "../../../assets/images/logo.png",
          }
        }
        style={
          Object {
            "height": 112,
            "resizeMode": "contain",
            "width": 140,
          }
        }
      />
      <Text
        style={
          Object {
            "color": "#fff",
            "fontFamily": "Montserrat-Bold",
            "fontSize": 40,
          }
        }
      >
        Dryvo
      </Text>
    </View>
  </View>
  <View
    onLayout={[Function]}
    style={
      Object {
        "paddingBottom": 0,
      }
    }
  >
    <RCTScrollView
      keyboardDismissMode="interactive"
      keyboardShouldPersistTaps="handled"
    >
      <View>
        <View
          style={
            Object {
              "alignItems": "center",
              "flex": 3,
              "paddingLeft": 26,
              "paddingRight": 26,
            }
          }
        >
          <View
            style={
              Object {
                "paddingHorizontal": 10,
                "width": "100%",
              }
            }
          >
            <View
              style={
                Object {
                  "alignItems": "center",
                  "borderBottomWidth": 1,
                  "borderColor": "#e0e0e0",
                  "borderRadius": 28,
                  "borderWidth": 1,
                  "flexDirection": "row",
                  "marginTop": 12,
                  "transform": Array [
                    Object {
                      "translateX": 0,
                    },
                  ],
                }
              }
            >
              <View
                style={
                  Object {
                    "alignItems": "center",
                    "height": 40,
                    "justifyContent": "center",
                    "marginLeft": 15,
                  }
                }
              >
                <View
                  style={
                    Object {
                      "marginLeft": 6,
                    }
                  }
                >
                  <View>
                    <View
                      style={
                        Object {
                          "alignItems": "center",
                          "backgroundColor": "transparent",
                          "justifyContent": "center",
                        }
                      }
                      theme={
                        Object {
                          "colors": Object {
                            "disabled": "hsl(208, 8%, 90%)",
                            "divider": "#bcbbc1",
                            "error": "#ff190c",
                            "grey0": "#393e42",
                            "grey1": "#43484d",
                            "grey2": "#5e6977",
                            "grey3": "#86939e",
                            "grey4": "#bdc6cf",
                            "grey5": "#e1e8ee",
                            "greyOutline": "#bbb",
                            "platform": Object {
                              "android": Object {
                                "error": "#f44336",
                                "primary": "#2196f3",
                                "secondary": "#9C27B0",
                                "success": "#4caf50",
                                "warning": "#ffeb3b",
                              },
                              "ios": Object {
                                "error": "#ff3b30",
                                "primary": "#007aff",
                                "secondary": "#5856d6",
                                "success": "#4cd964",
                                "warning": "#ffcc00",
                              },
                            },
                            "primary": "#2089dc",
                            "searchBg": "#303337",
                            "secondary": "#8F0CE8",
                            "success": "#52c41a",
                            "warning": "#faad14",
                          },
                        }
                      }
                      underlayColor="white"
                    >
                      <Text
                        allowFontScaling={false}
                        style={
                          Array [
                            Object {
                              "color": "#c9c9c9",
                              "fontSize": 20,
                            },
                            Object {
                              "backgroundColor": "transparent",
                            },
                            Object {
                              "fontFamily": "Material Icons",
                              "fontStyle": "normal",
                              "fontWeight": "normal",
                            },
                            Object {},
                          ]
                        }
                        testID="iconIcon"
                      >
                        
                      </Text>
                    </View>
                  </View>
                </View>
              </View>
              <TextInput
                allowFontScaling={true}
                onBlur={[Function]}
                onChangeText={[Function]}
                onFocus={[Function]}
                placeholder="אימייל"
                secureTextEntry={false}
                style={
                  Object {
                    "alignSelf": "center",
                    "color": "black",
                    "flex": 1,
                    "fontSize": 18,
                    "minHeight": 40,
                    "padding": 16,
                    "textAlign": "right",
                  }
                }
                testID="emailInput"
                underlineColorAndroid="transparent"
                value=""
              />
            </View>
          </View>
          <View
            style={
              Object {
                "paddingHorizontal": 10,
                "width": "100%",
              }
            }
          >
            <View
              style={
                Object {
                  "alignItems": "center",
                  "borderBottomWidth": 1,
                  "borderColor": "#e0e0e0",
                  "borderRadius": 28,
                  "borderWidth": 1,
                  "flexDirection": "row",
                  "marginTop": 12,
                  "transform": Array [
                    Object {
                      "translateX": 0,
                    },
                  ],
                }
              }
            >
              <View
                style={
                  Object {
                    "alignItems": "center",
                    "height": 40,
                    "justifyContent": "center",
                    "marginLeft": 15,
                  }
                }
              >
                <View
                  style={
                    Object {
                      "marginLeft": 6,
                    }
                  }
                >
                  <View>
                    <View
                      style={
                        Object {
                          "alignItems": "center",
                          "backgroundColor": "transparent",
                          "justifyContent": "center",
                        }
                      }
                      theme={
                        Object {
                          "colors": Object {
                            "disabled": "hsl(208, 8%, 90%)",
                            "divider": "#bcbbc1",
                            "error": "#ff190c",
                            "grey0": "#393e42",
                            "grey1": "#43484d",
                            "grey2": "#5e6977",
                            "grey3": "#86939e",
                            "grey4": "#bdc6cf",
                            "grey5": "#e1e8ee",
                            "greyOutline": "#bbb",
                            "platform": Object {
                              "android": Object {
                                "error": "#f44336",
                                "primary": "#2196f3",
                                "secondary": "#9C27B0",
                                "success": "#4caf50",
                                "warning": "#ffeb3b",
                              },
                              "ios": Object {
                                "error": "#ff3b30",
                                "primary": "#007aff",
                                "secondary": "#5856d6",
                                "success": "#4cd964",
                                "warning": "#ffcc00",
                              },
                            },
                            "primary": "#2089dc",
                            "searchBg": "#303337",
                            "secondary": "#8F0CE8",
                            "success": "#52c41a",
                            "warning": "#faad14",
                          },
                        }
                      }
                      underlayColor="white"
                    >
                      <Text
                        allowFontScaling={false}
                        style={
                          Array [
                            Object {
                              "color": "#c9c9c9",
                              "fontSize": 20,
                            },
                            Object {
                              "backgroundColor": "transparent",
                            },
                            Object {
                              "fontFamily": "Material Icons",
                              "fontStyle": "normal",
                              "fontWeight": "normal",
                            },
                            Object {},
                          ]
                        }
                        testID="iconIcon"
                      >
                        
                      </Text>
                    </View>
                  </View>
                </View>
              </View>
              <TextInput
                allowFontScaling={true}
                onBlur={[Function]}
                onChangeText={[Function]}
                onFocus={[Function]}
                placeholder="סיסמה"
                secureTextEntry={true}
                style={
                  Object {
                    "alignSelf": "center",
                    "color": "black",
                    "flex": 1,
                    "fontSize": 18,
                    "minHeight": 40,
                    "padding": 16,
                    "textAlign": "right",
                  }
                }
                testID="passwordInput"
                underlineColorAndroid="transparent"
                value=""
              />
            </View>
          </View>
          <View
            accessible={true}
            isTVSelectable={true}
            onResponderGrant={[Function]}
            onResponderMove={[Function]}
            onResponderRelease={[Function]}
            onResponderTerminate={[Function]}
            onResponderTerminationRequest={[Function]}
            onStartShouldSetResponder={[Function]}
            style={
              Object {
                "alignItems": "center",
                "opacity": 1,
                "width": "100%",
              }
            }
          >
            <View
              style={
                Object {
                  "alignItems": "center",
                  "backgroundColor": "#ececec",
                  "borderRadius": 32,
                  "height": 64,
                  "justifyContent": "center",
                  "marginTop": 20,
                  "width": "100%",
                }
              }
            >
              <Text
                style={
                  Object {
                    "color": "#9b9b9b",
                    "fontSize": 20,
                  }
                }
              >
                התחברות
              </Text>
            </View>
          </View>
          <Text
            style={
              Object {
                "color": "#c9c9c9",
                "fontSize": 20,
                "fontWeight": "bold",
                "marginVertical": 16,
              }
            }
          >
            או
          </Text>
          <View
            accessible={true}
            isTVSelectable={true}
            onResponderGrant={[Function]}
            onResponderMove={[Function]}
            onResponderRelease={[Function]}
            onResponderTerminate={[Function]}
            onResponderTerminationRequest={[Function]}
            onStartShouldSetResponder={[Function]}
            style={
              Object {
                "alignItems": "center",
                "opacity": 1,
                "width": "100%",
              }
            }
          >
            <View
              style={
                Object {
                  "alignItems": "center",
                  "backgroundColor": "rgb(12,116,244)",
                  "borderRadius": 32,
                  "height": 64,
                  "justifyContent": "center",
                  "width": "100%",
                }
              }
            >
              <Text
                style={
                  Object {
                    "color": "#fff",
                    "fontSize": 20,
                  }
                }
              >
                התחבר עם Facebook
              </Text>
            </View>
          </View>
          <View
            accessible={true}
            isTVSelectable={true}
            onResponderGrant={[Function]}
            onResponderMove={[Function]}
            onResponderRelease={[Function]}
            onResponderTerminate={[Function]}
            onResponderTerminationRequest={[Function]}
            onStartShouldSetResponder={[Function]}
            style={
              Object {
                "opacity": 1,
              }
            }
            testID="signUpButton"
          >
            <View
              style={
                Object {
                  "flexDirection": "row",
                  "marginTop": 20,
                }
              }
            >
              <Text
                style={
                  Object {
                    "color": "#9b9b9b",
                  }
                }
              >
                עוד אין לך חשבון?
              </Text>
              <Text
                style={
                  Object {
                    "color": "rgb(12,116,244)",
                  }
                }
              >
                 
                הרשמה
              </Text>
            </View>
          </View>
        </View>
      </View>
    </RCTScrollView>
  </View>
</View>
`;
