// Jest Snapshot v1, https://goo.gl/fbAQLP

exports[`SignUp view renders correctly 1`] = `
<View
  style={
    Object {
      "flex": 1,
    }
  }
>
  <Modal
    animationType="slide"
    hardwareAccelerated={false}
    onRequestClose={[Function]}
    transparent={false}
    visible={false}
  >
    <View
      style={
        Object {
          "alignItems": "center",
          "flex": 1,
          "justifyContent": "center",
          "paddingLeft": 26,
          "paddingRight": 26,
        }
      }
    >
      <View
        style={
          Array [
            Object {
              "overflow": "hidden",
            },
            Object {
              "height": 120,
              "width": 120,
            },
          ]
        }
      >
        <FastImageView
          resizeMode="contain"
          source={
            Object {
              "testUri": "../../../assets/images/sign_up_success.png",
            }
          }
          style={
            Object {
              "bottom": 0,
              "left": 0,
              "position": "absolute",
              "right": 0,
              "top": 0,
            }
          }
        />
      </View>
      <Text
        style={
          Object {
            "fontSize": 24,
            "fontWeight": "bold",
            "marginTop": 24,
          }
        }
      >
        נרשמת בהצלחה!
      </Text>
      <Text
        style={
          Object {
            "color": "gray",
            "marginTop": 12,
            "textAlign": "center",
          }
        }
      >
        ההרשמה עברה בהצלחה. כעת אנו ממתינים שהמורה אליו נרשמת יאשר אותך בתור תלמיד.
      </Text>
      <View
        accessible={true}
        isTVSelectable={true}
        onResponderGrant={[Function]}
        onResponderMove={[Function]}
        onResponderRelease={[Function]}
        onResponderTerminate={[Function]}
        onResponderTerminationRequest={[Function]}
        onStartShouldSetResponder={[Function]}
        style={
          Object {
            "alignItems": "center",
            "backgroundColor": "rgb(12,116,244)",
            "borderRadius": 28,
            "elevation": 8,
            "height": 56,
            "justifyContent": "center",
            "marginTop": 40,
            "opacity": 1,
            "shadowColor": "rgb(12,116,244)",
            "shadowOffset": Object {
              "height": 8,
              "width": 0,
            },
            "shadowOpacity": 0.5,
            "shadowRadius": 16,
            "width": 160,
          }
        }
      >
        <Text
          style={
            Object {
              "color": "#fff",
            }
          }
        >
          עבור לעמוד הראשי
        </Text>
      </View>
    </View>
  </Modal>
  <View
    accessible={true}
    isTVSelectable={true}
    onResponderGrant={[Function]}
    onResponderMove={[Function]}
    onResponderRelease={[Function]}
    onResponderTerminate={[Function]}
    onResponderTerminationRequest={[Function]}
    onStartShouldSetResponder={[Function]}
    style={
      Object {
        "alignSelf": "flex-start",
        "marginLeft": 26,
        "marginTop": 12,
        "opacity": 1,
      }
    }
  >
    <View>
      <View
        style={
          Object {
            "alignItems": "center",
            "backgroundColor": "transparent",
            "justifyContent": "center",
          }
        }
        theme={
          Object {
            "colors": Object {
              "disabled": "hsl(208, 8%, 90%)",
              "divider": "#bcbbc1",
              "error": "#ff190c",
              "grey0": "#393e42",
              "grey1": "#43484d",
              "grey2": "#5e6977",
              "grey3": "#86939e",
              "grey4": "#bdc6cf",
              "grey5": "#e1e8ee",
              "greyOutline": "#bbb",
              "platform": Object {
                "android": Object {
                  "error": "#f44336",
                  "primary": "#2196f3",
                  "secondary": "#9C27B0",
                  "success": "#4caf50",
                  "warning": "#ffeb3b",
                },
                "ios": Object {
                  "error": "#ff3b30",
                  "primary": "#007aff",
                  "secondary": "#5856d6",
                  "success": "#4cd964",
                  "warning": "#ffcc00",
                },
              },
              "primary": "#2089dc",
              "searchBg": "#303337",
              "secondary": "#8F0CE8",
              "success": "#52c41a",
              "warning": "#faad14",
            },
          }
        }
        underlayColor="white"
      >
        <Text
          allowFontScaling={false}
          style={
            Array [
              Object {
                "color": "black",
                "fontSize": 24,
              },
              Object {
                "backgroundColor": "transparent",
              },
              Object {
                "fontFamily": "Material Icons",
                "fontStyle": "normal",
                "fontWeight": "normal",
              },
              Object {},
            ]
          }
          testID="iconIcon"
        >
          
        </Text>
      </View>
    </View>
  </View>
  <View
    onLayout={[Function]}
  >
    <View
      style={
        Object {
          "bottom": 0,
        }
      }
    >
      <RCTScrollView
        keyboardDismissMode="interactive"
        keyboardShouldPersistTaps="handled"
      >
        <View>
          <View
            style={
              Object {
                "alignItems": "center",
                "flex": 1,
                "paddingBottom": 40,
                "paddingLeft": 26,
                "paddingRight": 26,
              }
            }
          >
            <View
              accessible={true}
              isTVSelectable={true}
              onResponderGrant={[Function]}
              onResponderMove={[Function]}
              onResponderRelease={[Function]}
              onResponderTerminate={[Function]}
              onResponderTerminationRequest={[Function]}
              onStartShouldSetResponder={[Function]}
              style={
                Object {
                  "opacity": 1,
                }
              }
            >
              <View
                style={
                  Array [
                    Object {
                      "overflow": "hidden",
                    },
                    Object {
                      "alignSelf": "center",
                      "borderRadius": 40,
                      "height": 80,
                      "width": 80,
                    },
                  ]
                }
              >
                <FastImageView
                  resizeMode="cover"
                  source={
                    Object {
                      "uri": "https://res.cloudinary.com/hsmkon3br/image/upload/c_thumb,g_face,h_80,w_80/v1554188012/678099-profile-filled-256.png",
                    }
                  }
                  style={
                    Object {
                      "bottom": 0,
                      "left": 0,
                      "position": "absolute",
                      "right": 0,
                      "top": 0,
                    }
                  }
                />
              </View>
            </View>
            <Text
              style={
                Object {
                  "color": "red",
                  "fontSize": 12,
                  "marginTop": 12,
                }
              }
            >
              
            </Text>
            <View
              style={
                Object {
                  "paddingHorizontal": 10,
                  "width": "100%",
                }
              }
            >
              <View
                style={
                  Object {
                    "alignItems": "center",
                    "borderBottomWidth": 1,
                    "borderColor": "#e0e0e0",
                    "borderRadius": 28,
                    "borderWidth": 1,
                    "flexDirection": "row",
                    "marginTop": 12,
                    "transform": Array [
                      Object {
                        "translateX": 0,
                      },
                    ],
                  }
                }
              >
                <View
                  style={
                    Object {
                      "alignItems": "center",
                      "height": 40,
                      "justifyContent": "center",
                      "marginLeft": 15,
                    }
                  }
                >
                  <View
                    style={
                      Object {
                        "marginLeft": 6,
                      }
                    }
                  >
                    <View>
                      <View
                        style={
                          Object {
                            "alignItems": "center",
                            "backgroundColor": "transparent",
                            "justifyContent": "center",
                          }
                        }
                        theme={
                          Object {
                            "colors": Object {
                              "disabled": "hsl(208, 8%, 90%)",
                              "divider": "#bcbbc1",
                              "error": "#ff190c",
                              "grey0": "#393e42",
                              "grey1": "#43484d",
                              "grey2": "#5e6977",
                              "grey3": "#86939e",
                              "grey4": "#bdc6cf",
                              "grey5": "#e1e8ee",
                              "greyOutline": "#bbb",
                              "platform": Object {
                                "android": Object {
                                  "error": "#f44336",
                                  "primary": "#2196f3",
                                  "secondary": "#9C27B0",
                                  "success": "#4caf50",
                                  "warning": "#ffeb3b",
                                },
                                "ios": Object {
                                  "error": "#ff3b30",
                                  "primary": "#007aff",
                                  "secondary": "#5856d6",
                                  "success": "#4cd964",
                                  "warning": "#ffcc00",
                                },
                              },
                              "primary": "#2089dc",
                              "searchBg": "#303337",
                              "secondary": "#8F0CE8",
                              "success": "#52c41a",
                              "warning": "#faad14",
                            },
                          }
                        }
                        underlayColor="white"
                      >
                        <Text
                          allowFontScaling={false}
                          style={
                            Array [
                              Object {
                                "color": "#c9c9c9",
                                "fontSize": 20,
                              },
                              Object {
                                "backgroundColor": "transparent",
                              },
                              Object {
                                "fontFamily": "Material Icons",
                                "fontStyle": "normal",
                                "fontWeight": "normal",
                              },
                              Object {},
                            ]
                          }
                          testID="iconIcon"
                        >
                          
                        </Text>
                      </View>
                    </View>
                  </View>
                </View>
                <TextInput
                  allowFontScaling={true}
                  onBlur={[Function]}
                  onChangeText={[Function]}
                  onFocus={[Function]}
                  placeholder="אימייל"
                  secureTextEntry={false}
                  style={
                    Object {
                      "alignSelf": "center",
                      "color": "black",
                      "flex": 1,
                      "fontSize": 18,
                      "minHeight": 40,
                      "padding": 16,
                      "textAlign": "right",
                    }
                  }
                  testID="remailInput"
                  underlineColorAndroid="transparent"
                  value=""
                />
              </View>
            </View>
            <View
              style={
                Object {
                  "paddingHorizontal": 10,
                  "width": "100%",
                }
              }
            >
              <View
                style={
                  Object {
                    "alignItems": "center",
                    "borderBottomWidth": 1,
                    "borderColor": "#e0e0e0",
                    "borderRadius": 28,
                    "borderWidth": 1,
                    "flexDirection": "row",
                    "marginTop": 12,
                    "transform": Array [
                      Object {
                        "translateX": 0,
                      },
                    ],
                  }
                }
              >
                <View
                  style={
                    Object {
                      "alignItems": "center",
                      "height": 40,
                      "justifyContent": "center",
                      "marginLeft": 15,
                    }
                  }
                >
                  <View
                    style={
                      Object {
                        "marginLeft": 6,
                      }
                    }
                  >
                    <View>
                      <View
                        style={
                          Object {
                            "alignItems": "center",
                            "backgroundColor": "transparent",
                            "justifyContent": "center",
                          }
                        }
                        theme={
                          Object {
                            "colors": Object {
                              "disabled": "hsl(208, 8%, 90%)",
                              "divider": "#bcbbc1",
                              "error": "#ff190c",
                              "grey0": "#393e42",
                              "grey1": "#43484d",
                              "grey2": "#5e6977",
                              "grey3": "#86939e",
                              "grey4": "#bdc6cf",
                              "grey5": "#e1e8ee",
                              "greyOutline": "#bbb",
                              "platform": Object {
                                "android": Object {
                                  "error": "#f44336",
                                  "primary": "#2196f3",
                                  "secondary": "#9C27B0",
                                  "success": "#4caf50",
                                  "warning": "#ffeb3b",
                                },
                                "ios": Object {
                                  "error": "#ff3b30",
                                  "primary": "#007aff",
                                  "secondary": "#5856d6",
                                  "success": "#4cd964",
                                  "warning": "#ffcc00",
                                },
                              },
                              "primary": "#2089dc",
                              "searchBg": "#303337",
                              "secondary": "#8F0CE8",
                              "success": "#52c41a",
                              "warning": "#faad14",
                            },
                          }
                        }
                        underlayColor="white"
                      >
                        <Text
                          allowFontScaling={false}
                          style={
                            Array [
                              Object {
                                "color": "#c9c9c9",
                                "fontSize": 20,
                              },
                              Object {
                                "backgroundColor": "transparent",
                              },
                              Object {
                                "fontFamily": "Material Icons",
                                "fontStyle": "normal",
                                "fontWeight": "normal",
                              },
                              Object {},
                            ]
                          }
                          testID="iconIcon"
                        >
                          
                        </Text>
                      </View>
                    </View>
                  </View>
                </View>
                <TextInput
                  allowFontScaling={true}
                  onBlur={[Function]}
                  onChangeText={[Function]}
                  onFocus={[Function]}
                  placeholder="שם מלא"
                  secureTextEntry={false}
                  style={
                    Object {
                      "alignSelf": "center",
                      "color": "black",
                      "flex": 1,
                      "fontSize": 18,
                      "minHeight": 40,
                      "padding": 16,
                      "textAlign": "right",
                    }
                  }
                  testID="rnameInput"
                  underlineColorAndroid="transparent"
                  value=""
                />
              </View>
            </View>
            <View
              style={
                Object {
                  "paddingHorizontal": 10,
                  "width": "100%",
                }
              }
            >
              <View
                style={
                  Object {
                    "alignItems": "center",
                    "borderBottomWidth": 1,
                    "borderColor": "#e0e0e0",
                    "borderRadius": 28,
                    "borderWidth": 1,
                    "flexDirection": "row",
                    "marginTop": 12,
                    "transform": Array [
                      Object {
                        "translateX": 0,
                      },
                    ],
                  }
                }
              >
                <View
                  style={
                    Object {
                      "alignItems": "center",
                      "height": 40,
                      "justifyContent": "center",
                      "marginLeft": 15,
                    }
                  }
                >
                  <View
                    style={
                      Object {
                        "marginLeft": 6,
                      }
                    }
                  >
                    <View>
                      <View
                        style={
                          Object {
                            "alignItems": "center",
                            "backgroundColor": "transparent",
                            "justifyContent": "center",
                          }
                        }
                        theme={
                          Object {
                            "colors": Object {
                              "disabled": "hsl(208, 8%, 90%)",
                              "divider": "#bcbbc1",
                              "error": "#ff190c",
                              "grey0": "#393e42",
                              "grey1": "#43484d",
                              "grey2": "#5e6977",
                              "grey3": "#86939e",
                              "grey4": "#bdc6cf",
                              "grey5": "#e1e8ee",
                              "greyOutline": "#bbb",
                              "platform": Object {
                                "android": Object {
                                  "error": "#f44336",
                                  "primary": "#2196f3",
                                  "secondary": "#9C27B0",
                                  "success": "#4caf50",
                                  "warning": "#ffeb3b",
                                },
                                "ios": Object {
                                  "error": "#ff3b30",
                                  "primary": "#007aff",
                                  "secondary": "#5856d6",
                                  "success": "#4cd964",
                                  "warning": "#ffcc00",
                                },
                              },
                              "primary": "#2089dc",
                              "searchBg": "#303337",
                              "secondary": "#8F0CE8",
                              "success": "#52c41a",
                              "warning": "#faad14",
                            },
                          }
                        }
                        underlayColor="white"
                      >
                        <Text
                          allowFontScaling={false}
                          style={
                            Array [
                              Object {
                                "color": "#c9c9c9",
                                "fontSize": 20,
                              },
                              Object {
                                "backgroundColor": "transparent",
                              },
                              Object {
                                "fontFamily": "Material Icons",
                                "fontStyle": "normal",
                                "fontWeight": "normal",
                              },
                              Object {},
                            ]
                          }
                          testID="iconIcon"
                        >
                          
                        </Text>
                      </View>
                    </View>
                  </View>
                </View>
                <TextInput
                  allowFontScaling={true}
                  onBlur={[Function]}
                  onChangeText={[Function]}
                  onFocus={[Function]}
                  placeholder="איזור למידה"
                  secureTextEntry={false}
                  style={
                    Object {
                      "alignSelf": "center",
                      "color": "black",
                      "flex": 1,
                      "fontSize": 18,
                      "minHeight": 40,
                      "padding": 16,
                      "textAlign": "right",
                    }
                  }
                  testID="rareaInput"
                  underlineColorAndroid="transparent"
                  value=""
                />
              </View>
            </View>
            <View
              style={
                Object {
                  "paddingHorizontal": 10,
                  "width": "100%",
                }
              }
            >
              <View
                style={
                  Object {
                    "alignItems": "center",
                    "borderBottomWidth": 1,
                    "borderColor": "#e0e0e0",
                    "borderRadius": 28,
                    "borderWidth": 1,
                    "flexDirection": "row",
                    "marginTop": 12,
                    "transform": Array [
                      Object {
                        "translateX": 0,
                      },
                    ],
                  }
                }
              >
                <View
                  style={
                    Object {
                      "alignItems": "center",
                      "height": 40,
                      "justifyContent": "center",
                      "marginLeft": 15,
                    }
                  }
                >
                  <View
                    style={
                      Object {
                        "marginLeft": 6,
                      }
                    }
                  >
                    <View>
                      <View
                        style={
                          Object {
                            "alignItems": "center",
                            "backgroundColor": "transparent",
                            "justifyContent": "center",
                          }
                        }
                        theme={
                          Object {
                            "colors": Object {
                              "disabled": "hsl(208, 8%, 90%)",
                              "divider": "#bcbbc1",
                              "error": "#ff190c",
                              "grey0": "#393e42",
                              "grey1": "#43484d",
                              "grey2": "#5e6977",
                              "grey3": "#86939e",
                              "grey4": "#bdc6cf",
                              "grey5": "#e1e8ee",
                              "greyOutline": "#bbb",
                              "platform": Object {
                                "android": Object {
                                  "error": "#f44336",
                                  "primary": "#2196f3",
                                  "secondary": "#9C27B0",
                                  "success": "#4caf50",
                                  "warning": "#ffeb3b",
                                },
                                "ios": Object {
                                  "error": "#ff3b30",
                                  "primary": "#007aff",
                                  "secondary": "#5856d6",
                                  "success": "#4cd964",
                                  "warning": "#ffcc00",
                                },
                              },
                              "primary": "#2089dc",
                              "searchBg": "#303337",
                              "secondary": "#8F0CE8",
                              "success": "#52c41a",
                              "warning": "#faad14",
                            },
                          }
                        }
                        underlayColor="white"
                      >
                        <Text
                          allowFontScaling={false}
                          style={
                            Array [
                              Object {
                                "color": "#c9c9c9",
                                "fontSize": 20,
                              },
                              Object {
                                "backgroundColor": "transparent",
                              },
                              Object {
                                "fontFamily": "Material Icons",
                                "fontStyle": "normal",
                                "fontWeight": "normal",
                              },
                              Object {},
                            ]
                          }
                          testID="iconIcon"
                        >
                          
                        </Text>
                      </View>
                    </View>
                  </View>
                </View>
                <TextInput
                  allowFontScaling={true}
                  onBlur={[Function]}
                  onChangeText={[Function]}
                  onFocus={[Function]}
                  placeholder="סיסמה"
                  secureTextEntry={true}
                  style={
                    Object {
                      "alignSelf": "center",
                      "color": "black",
                      "flex": 1,
                      "fontSize": 18,
                      "minHeight": 40,
                      "padding": 16,
                      "textAlign": "right",
                    }
                  }
                  testID="rpasswordInput"
                  underlineColorAndroid="transparent"
                  value=""
                />
              </View>
            </View>
            <View
              accessible={true}
              isTVSelectable={true}
              onResponderGrant={[Function]}
              onResponderMove={[Function]}
              onResponderRelease={[Function]}
              onResponderTerminate={[Function]}
              onResponderTerminationRequest={[Function]}
              onStartShouldSetResponder={[Function]}
              style={
                Object {
                  "alignItems": "center",
                  "opacity": 1,
                  "width": "100%",
                }
              }
            >
              <View
                style={
                  Object {
                    "alignItems": "center",
                    "backgroundColor": "rgb(12,116,244)",
                    "borderRadius": 32,
                    "height": 64,
                    "justifyContent": "center",
                    "marginTop": 20,
                    "width": "100%",
                  }
                }
              >
                <Text
                  style={
                    Object {
                      "color": "#fff",
                      "fontSize": 20,
                    }
                  }
                >
                  הרשמה
                </Text>
              </View>
            </View>
          </View>
        </View>
      </RCTScrollView>
    </View>
  </View>
</View>
`;
