// Jest Snapshot v1, https://goo.gl/fbAQLP

exports[`Topics view renders correctly 1`] = `
<View
  style={
    Object {
      "flex": 1,
      "marginHorizontal": 26,
      "marginVertical": 26,
    }
  }
>
  <View
    style={
      Object {
        "flexDirection": "row",
      }
    }
  >
    <View
      style={
        Object {
          "borderRadius": 3,
        }
      }
    >
      <View
        accessible={true}
        isTVSelectable={true}
        onResponderGrant={[Function]}
        onResponderMove={[Function]}
        onResponderRelease={[Function]}
        onResponderTerminate={[Function]}
        onResponderTerminationRequest={[Function]}
        onStartShouldSetResponder={[Function]}
        style={
          Object {
            "marginTop": -6,
            "opacity": 1,
          }
        }
      >
        <View
          style={
            Object {
              "alignItems": "center",
              "backgroundColor": "transparent",
              "borderColor": "#2089dc",
              "borderRadius": 3,
              "borderWidth": 0,
              "flexDirection": "row",
              "justifyContent": "center",
              "padding": 8,
            }
          }
        >
          <View>
            <View
              style={
                Object {
                  "alignItems": "center",
                  "backgroundColor": "transparent",
                  "justifyContent": "center",
                }
              }
              theme={
                Object {
                  "colors": Object {
                    "disabled": "hsl(208, 8%, 90%)",
                    "divider": "#bcbbc1",
                    "error": "#ff190c",
                    "grey0": "#393e42",
                    "grey1": "#43484d",
                    "grey2": "#5e6977",
                    "grey3": "#86939e",
                    "grey4": "#bdc6cf",
                    "grey5": "#e1e8ee",
                    "greyOutline": "#bbb",
                    "platform": Object {
                      "android": Object {
                        "error": "#f44336",
                        "primary": "#2196f3",
                        "secondary": "#9C27B0",
                        "success": "#4caf50",
                        "warning": "#ffeb3b",
                      },
                      "ios": Object {
                        "error": "#ff3b30",
                        "primary": "#007aff",
                        "secondary": "#5856d6",
                        "success": "#4cd964",
                        "warning": "#ffcc00",
                      },
                    },
                    "primary": "#2089dc",
                    "searchBg": "#303337",
                    "secondary": "#8F0CE8",
                    "success": "#52c41a",
                    "warning": "#faad14",
                  },
                }
              }
              underlayColor="white"
            >
              <Text
                allowFontScaling={false}
                style={
                  Array [
                    Object {
                      "color": "black",
                      "fontSize": 24,
                    },
                    Object {
                      "backgroundColor": "transparent",
                    },
                    Object {
                      "fontFamily": "Material Icons",
                      "fontStyle": "normal",
                      "fontWeight": "normal",
                    },
                    Object {},
                  ]
                }
                testID="iconIcon"
              >
                
              </Text>
            </View>
          </View>
        </View>
      </View>
    </View>
    <View
      style={
        Object {
          "alignItems": "center",
          "flexDirection": "row",
        }
      }
    >
      <Text
        style={
          Object {
            "alignSelf": "flex-start",
            "fontSize": 20,
            "fontWeight": "bold",
            "marginBottom": 20,
          }
        }
      >
        נושאים
      </Text>
      <View
        style={
          Object {
            "alignItems": "flex-end",
            "flex": 1,
            "marginLeft": "auto",
            "marginTop": -5,
          }
        }
      />
    </View>
  </View>
  <View
    style={
      Object {
        "alignItems": "flex-start",
        "backgroundColor": "#fff",
        "borderRadius": 4,
        "elevation": 6,
        "marginBottom": 20,
        "marginTop": 12,
        "paddingHorizontal": 20,
        "paddingVertical": 12,
        "shadowColor": "#000",
        "shadowOffset": Object {
          "height": 6,
          "width": 0,
        },
        "shadowOpacity": 0.09,
        "shadowRadius": 20,
        "width": "100%",
      }
    }
  >
    <Text
      style={
        Object {
          "color": "rgb(121, 121, 121)",
          "fontWeight": "bold",
        }
      }
    >
      בתהליך
    </Text>
    <RCTScrollView
      data={
        Array [
          Object {
            "id": 1,
            "title": "test1",
          },
        ]
      }
      disableVirtualization={false}
      getItem={[Function]}
      getItemCount={[Function]}
      horizontal={false}
      initialNumToRender={10}
      keyExtractor={[Function]}
      maxToRenderPerBatch={10}
      numColumns={1}
      onContentSizeChange={[Function]}
      onEndReachedThreshold={2}
      onLayout={[Function]}
      onMomentumScrollEnd={[Function]}
      onScroll={[Function]}
      onScrollBeginDrag={[Function]}
      onScrollEndDrag={[Function]}
      renderItem={[Function]}
      scrollEventThrottle={50}
      stickyHeaderIndices={Array []}
      updateCellsBatchingPeriod={50}
      viewabilityConfigCallbackPairs={Array []}
      windowSize={21}
    >
      <View>
        <View
          onLayout={[Function]}
          style={null}
        >
          <View
            style={
              Object {
                "borderBottomColor": "lightgray",
                "borderBottomWidth": 1,
                "marginLeft": 12,
                "paddingBottom": 6,
                "paddingTop": 6,
              }
            }
          >
            <Text
              style={
                Object {
                  "alignSelf": "flex-start",
                }
              }
            >
              test1
            </Text>
          </View>
        </View>
      </View>
    </RCTScrollView>
  </View>
  <View
    style={
      Object {
        "alignItems": "flex-start",
        "backgroundColor": "#fff",
        "borderRadius": 4,
        "elevation": 6,
        "marginBottom": 20,
        "marginTop": 12,
        "paddingHorizontal": 20,
        "paddingVertical": 12,
        "shadowColor": "#000",
        "shadowOffset": Object {
          "height": 6,
          "width": 0,
        },
        "shadowOpacity": 0.09,
        "shadowRadius": 20,
        "width": "100%",
      }
    }
  >
    <Text
      style={
        Object {
          "color": "rgb(121, 121, 121)",
          "fontWeight": "bold",
        }
      }
    >
      סוימו
    </Text>
    <RCTScrollView
      data={
        Array [
          Object {
            "id": 2,
            "title": "test2",
          },
          Object {
            "id": 3,
            "title": "test3",
          },
        ]
      }
      disableVirtualization={false}
      getItem={[Function]}
      getItemCount={[Function]}
      horizontal={false}
      initialNumToRender={10}
      keyExtractor={[Function]}
      maxToRenderPerBatch={10}
      numColumns={1}
      onContentSizeChange={[Function]}
      onEndReachedThreshold={2}
      onLayout={[Function]}
      onMomentumScrollEnd={[Function]}
      onScroll={[Function]}
      onScrollBeginDrag={[Function]}
      onScrollEndDrag={[Function]}
      renderItem={[Function]}
      scrollEventThrottle={50}
      stickyHeaderIndices={Array []}
      updateCellsBatchingPeriod={50}
      viewabilityConfigCallbackPairs={Array []}
      windowSize={21}
    >
      <View>
        <View
          onLayout={[Function]}
          style={null}
        >
          <View
            style={
              Object {
                "borderBottomColor": "lightgray",
                "borderBottomWidth": 1,
                "marginLeft": 12,
                "paddingBottom": 6,
                "paddingTop": 6,
              }
            }
          >
            <Text
              style={
                Object {
                  "alignSelf": "flex-start",
                }
              }
            >
              test2
            </Text>
          </View>
        </View>
        <View
          onLayout={[Function]}
          style={null}
        >
          <View
            style={
              Object {
                "borderBottomColor": "lightgray",
                "borderBottomWidth": 1,
                "marginLeft": 12,
                "paddingBottom": 6,
                "paddingTop": 6,
              }
            }
          >
            <Text
              style={
                Object {
                  "alignSelf": "flex-start",
                }
              }
            >
              test3
            </Text>
          </View>
        </View>
      </View>
    </RCTScrollView>
  </View>
  <View
    style={
      Object {
        "alignItems": "flex-start",
        "backgroundColor": "#fff",
        "borderRadius": 4,
        "elevation": 6,
        "marginBottom": 20,
        "marginTop": 12,
        "paddingHorizontal": 20,
        "paddingVertical": 12,
        "shadowColor": "#000",
        "shadowOffset": Object {
          "height": 6,
          "width": 0,
        },
        "shadowOpacity": 0.09,
        "shadowRadius": 20,
        "width": "100%",
      }
    }
  >
    <Text
      style={
        Object {
          "color": "rgb(121, 121, 121)",
          "fontWeight": "bold",
        }
      }
    >
      לא הותחלו
    </Text>
    <View
      style={
        Object {
          "alignItems": "center",
          "alignSelf": "center",
          "flex": 1,
          "justifyContent": "center",
        }
      }
    >
      <View
        style={
          Array [
            Object {
              "overflow": "hidden",
            },
            Object {
              "alignSelf": "center",
              "height": 150,
              "width": 200,
            },
          ]
        }
      >
        <FastImageView
          resizeMode="contain"
          source={
            Object {
              "testUri": "../../../assets/images/topics.png",
            }
          }
          style={
            Object {
              "bottom": 0,
              "left": 0,
              "position": "absolute",
              "right": 0,
              "top": 0,
            }
          }
        />
      </View>
      <Text
        style={
          Object {
            "color": "#e1e1e1",
            "fontSize": 28,
            "fontWeight": "bold",
            "marginTop": 20,
          }
        }
      >
        עוד לא נלמדו נושאים
      </Text>
    </View>
  </View>
</View>
`;
