// Jest Snapshot v1, https://goo.gl/fbAQLP

exports[`Notification view renders correctly 1`] = `
Array [
  <View
    style={
      Object {
        "alignItems": "center",
        "flex": 1,
        "flexDirection": "row",
        "height": 30,
      }
    }
  >
    <View
      style={
        Object {
          "flex": 1,
          "flexDirection": "row",
        }
      }
    >
      <View>
        <Image
          source={
            Object {
              "uri": "https://images.unsplash.com/photo-1535643302794-19c3804b874b?ixlib=rb-1.2.1&ixid=eyJhcHBfaWQiOjEyMDd9&auto=format&fit=crop&w=2134&q=80",
            }
          }
          style={
            Object {
              "borderRadius": 27,
              "height": 54,
              "width": 54,
            }
          }
        />
      </View>
      <View
        style={
          Object {
            "alignItems": "flex-start",
            "flexDirection": "column",
            "marginLeft": 16,
          }
        }
      >
        <Text
          style={
            Object {
              "fontWeight": "bold",
            }
          }
        >
          test
        </Text>
        <Text>
          רוצה לקבוע שיעור
        </Text>
      </View>
    </View>
    <View
      style={
        Object {
          "alignItems": "flex-end",
          "flex": 0.5,
          "marginRight": "auto",
          "marginTop": -8,
        }
      }
    >
      <View
        style={
          Object {
            "flex": 1,
            "marginTop": 5,
          }
        }
      >
        <Text
          style={
            Object {
              "fontFamily": "Assistant-Light",
              "fontSize": 22,
            }
          }
        >
          test
        </Text>
        <Text
          style={
            Object {
              "color": "rgb(12, 116, 244)",
              "fontSize": 14,
              "fontWeight": "bold",
            }
          }
        >
          test-test
        </Text>
      </View>
    </View>
  </View>,
  <View
    style={
      Object {
        "flex": 1,
        "flexDirection": "row",
        "justifyContent": "space-between",
        "marginTop": 16,
      }
    }
  >
    <Text>
      Hello
    </Text>
  </View>,
  <View
    style={
      Object {
        "borderBottomColor": "rgb(212, 212, 212)",
        "borderBottomWidth": 1,
        "marginBottom": 20,
        "marginTop": 20,
        "width": "100%",
      }
    }
  />,
]
`;
