// Jest Snapshot v1, https://goo.gl/fbAQLP

exports[`NotificationButtons view renders correctly 1`] = `
Array [
  <View
    accessible={true}
    isTVSelectable={true}
    onResponderGrant={[Function]}
    onResponderMove={[Function]}
    onResponderRelease={[Function]}
    onResponderTerminate={[Function]}
    onResponderTerminationRequest={[Function]}
    onStartShouldSetResponder={[Function]}
    style={
      Object {
        "flex": 0.49,
        "opacity": 1,
      }
    }
    testID="approve"
  >
    <View
      style={
        Object {
          "alignItems": "center",
          "backgroundColor": "rgb(12,116,244)",
          "borderRadius": 3,
          "padding": 8,
        }
      }
    >
      <Text
        style={
          Object {
            "color": "#fff",
            "fontSize": 14,
            "fontWeight": "bold",
          }
        }
      >
        אישור
      </Text>
    </View>
  </View>,
  <View
    accessible={true}
    isTVSelectable={true}
    onResponderGrant={[Function]}
    onResponderMove={[Function]}
    onResponderRelease={[Function]}
    onResponderTerminate={[Function]}
    onResponderTerminationRequest={[Function]}
    onStartShouldSetResponder={[Function]}
    style={
      Object {
        "flex": 0.49,
        "opacity": 1,
      }
    }
  >
    <View
      style={
        Object {
          "alignItems": "center",
          "backgroundColor": "rgb(240,8,48)",
          "borderRadius": 3,
          "padding": 8,
        }
      }
    >
      <Text
        style={
          Object {
            "color": "#fff",
            "fontSize": 14,
            "fontWeight": "bold",
          }
        }
      >
        ביטול
      </Text>
    </View>
  </View>,
]
`;
